###############################################################################
#
# IAR C/C++ Compiler V9.30.1.3056 for 8051                24/Oct/2016  15:09:34
# Copyright 2004-2015 IAR Systems AB.
# Standalone license - IAR Embedded Workbench for 8051
#
#    Core               =  plain
#    Code model         =  banked
#    Data model         =  large
#    Calling convention =  xdata reentrant
#    Constant location  =  data_rom
#    Dptr setup         =  1,16
#                          
#    Source file        =  
#        E:\资源(G：)\#个人项目\ZigbeeProject\Z-Stack Mesh
#        1.0.0\Projects\zstack\Samples\Demo_App_V1.5饮水机控制\Frame\LOG.c
#    Command line       =  
#        -f "E:\资源(G：)\#个人项目\ZigbeeProject\Z-Stack Mesh
#        1.0.0\Projects\zstack\Samples\Demo_App_V1.5饮水机控制\CC2530DB\..\..\..\Tools\CC2530DB\f8wEndev.cfg"
#        (-DCPU32MHZ -DROOT=__near_func -DMAC_CFG_TX_DATA_MAX=3
#        -DMAC_CFG_TX_MAX=6 -DMAC_CFG_RX_MAX=3) -f
#        "E:\资源(G：)\#个人项目\ZigbeeProject\Z-Stack Mesh
#        1.0.0\Projects\zstack\Samples\Demo_App_V1.5饮水机控制\CC2530DB\..\..\..\Tools\CC2530DB\f8wConfig.cfg"
#        (-DZIGBEEPRO -DSECURE=1 -DZG_SECURE_DYNAMIC=0 -DREFLECTOR
#        -DDEFAULT_CHANLIST=0x00000800 -DZDAPP_CONFIG_PAN_ID=0xFFFF
#        -DNWK_START_DELAY=100 -DEXTENDED_JOINING_RANDOM_MASK=0x007F
#        -DBEACON_REQUEST_DELAY=100 -DBEACON_REQ_DELAY_MASK=0x00FF
#        -DLINK_STATUS_JITTER_MASK=0x007F -DROUTE_EXPIRY_TIME=30
#        -DAPSC_ACK_WAIT_DURATION_POLLED=3000 -DNWK_INDIRECT_MSG_TIMEOUT=7
#        -DMAX_RREQ_ENTRIES=8 -DAPSC_MAX_FRAME_RETRIES=3
#        -DNWK_MAX_DATA_RETRIES=2 -DMAX_POLL_FAILURE_RETRIES=2 -DMAX_BCAST=9
#        -DAPS_MAX_GROUPS=16 -DMAX_RTG_ENTRIES=40 -DNWK_MAX_BINDING_ENTRIES=4
#        -DMAX_BINDING_CLUSTER_IDS=4 "-DDEFAULT_KEY={0x01, 0x03, 0x05, 0x07,
#        0x09, 0x0B, 0x0D, 0x0F, 0x00, 0x02, 0x04, 0x06, 0x08, 0x0A, 0x0C,
#        0x0D}" -DMAC_MAX_FRAME_SIZE=116 -DZDNWKMGR_MIN_TRANSMISSIONS=20
#        "-DCONST=const __code" -DGENERIC=__generic -DRFD_RCVC_ALWAYS_ON=FALSE
#        -DPOLL_RATE=50 -DQUEUED_POLL_RATE=100 -DRESPONSE_POLL_RATE=100)
#        -DREJOIN_POLL_RATE=440 "E:\资源(G：)\#个人项目\ZigbeeProject\Z-Stack
#        Mesh
#        1.0.0\Projects\zstack\Samples\Demo_App_V1.5饮水机控制\Frame\LOG.c" -D
#        LOG_OUT -D UART1_PROTOCOL_RESOLVER=1 -D xISQC -D NWK_AUTO_POLL -D
#        ZTOOL_P1 -D ISR_KEYINTERRUPT -D xMT_TASK -D xMT_SYS_FUNC -D
#        xMT_ZDO_FUNC -D xLCD_SUPPORTED=DEBUG -D xPOWER_SAVING -lC
#        "E:\资源(G：)\#个人项目\ZigbeeProject\Z-Stack Mesh
#        1.0.0\Projects\zstack\Samples\Demo_App_V1.5饮水机控制\CC2530DB\WaterMachine\List"
#        -lA "E:\资源(G：)\#个人项目\ZigbeeProject\Z-Stack Mesh
#        1.0.0\Projects\zstack\Samples\Demo_App_V1.5饮水机控制\CC2530DB\WaterMachine\List"
#        --diag_suppress Pe001,Pa010 -o
#        "E:\资源(G：)\#个人项目\ZigbeeProject\Z-Stack Mesh
#        1.0.0\Projects\zstack\Samples\Demo_App_V1.5饮水机控制\CC2530DB\WaterMachine\Obj"
#        -e --no_code_motion --debug --core=plain --dptr=16,1
#        --data_model=large --code_model=banked
#        --calling_convention=xdata_reentrant --place_constants=data_rom
#        --nr_virtual_regs 8 -I "E:\资源(G：)\#个人项目\ZigbeeProject\Z-Stack
#        Mesh 1.0.0\Projects\zstack\Samples\Demo_App_V1.5饮水机控制\CC2530DB\"
#        -I "E:\资源(G：)\#个人项目\ZigbeeProject\Z-Stack Mesh
#        1.0.0\Projects\zstack\Samples\Demo_App_V1.5饮水机控制\CC2530DB\..\Source\"
#        -I "E:\资源(G：)\#个人项目\ZigbeeProject\Z-Stack Mesh
#        1.0.0\Projects\zstack\Samples\Demo_App_V1.5饮水机控制\CC2530DB\..\Frame\"
#        -I "E:\资源(G：)\#个人项目\ZigbeeProject\Z-Stack Mesh
#        1.0.0\Projects\zstack\Samples\Demo_App_V1.5饮水机控制\CC2530DB\..\Module\WaterMachine\"
#        -I "E:\资源(G：)\#个人项目\ZigbeeProject\Z-Stack Mesh
#        1.0.0\Projects\zstack\Samples\Demo_App_V1.5饮水机控制\CC2530DB\..\..\..\ZMain\TI2530DB\"
#        -I "E:\资源(G：)\#个人项目\ZigbeeProject\Z-Stack Mesh
#        1.0.0\Projects\zstack\Samples\Demo_App_V1.5饮水机控制\CC2530DB\..\..\..\..\..\Components\hal\include\"
#        -I "E:\资源(G：)\#个人项目\ZigbeeProject\Z-Stack Mesh
#        1.0.0\Projects\zstack\Samples\Demo_App_V1.5饮水机控制\CC2530DB\..\..\..\..\..\Components\hal\target\CC2530EB\"
#        -I "E:\资源(G：)\#个人项目\ZigbeeProject\Z-Stack Mesh
#        1.0.0\Projects\zstack\Samples\Demo_App_V1.5饮水机控制\CC2530DB\..\..\..\..\..\Components\mac\include\"
#        -I "E:\资源(G：)\#个人项目\ZigbeeProject\Z-Stack Mesh
#        1.0.0\Projects\zstack\Samples\Demo_App_V1.5饮水机控制\CC2530DB\..\..\..\..\..\Components\mac\high_level\"
#        -I "E:\资源(G：)\#个人项目\ZigbeeProject\Z-Stack Mesh
#        1.0.0\Projects\zstack\Samples\Demo_App_V1.5饮水机控制\CC2530DB\..\..\..\..\..\Components\mac\low_level\srf04\"
#        -I "E:\资源(G：)\#个人项目\ZigbeeProject\Z-Stack Mesh
#        1.0.0\Projects\zstack\Samples\Demo_App_V1.5饮水机控制\CC2530DB\..\..\..\..\..\Components\mac\low_level\srf04\single_chip\"
#        -I "E:\资源(G：)\#个人项目\ZigbeeProject\Z-Stack Mesh
#        1.0.0\Projects\zstack\Samples\Demo_App_V1.5饮水机控制\CC2530DB\..\..\..\..\..\Components\mt\"
#        -I "E:\资源(G：)\#个人项目\ZigbeeProject\Z-Stack Mesh
#        1.0.0\Projects\zstack\Samples\Demo_App_V1.5饮水机控制\CC2530DB\..\..\..\..\..\Components\osal\include\"
#        -I "E:\资源(G：)\#个人项目\ZigbeeProject\Z-Stack Mesh
#        1.0.0\Projects\zstack\Samples\Demo_App_V1.5饮水机控制\CC2530DB\..\..\..\..\..\Components\services\saddr\"
#        -I "E:\资源(G：)\#个人项目\ZigbeeProject\Z-Stack Mesh
#        1.0.0\Projects\zstack\Samples\Demo_App_V1.5饮水机控制\CC2530DB\..\..\..\..\..\Components\services\sdata\"
#        -I "E:\资源(G：)\#个人项目\ZigbeeProject\Z-Stack Mesh
#        1.0.0\Projects\zstack\Samples\Demo_App_V1.5饮水机控制\CC2530DB\..\..\..\..\..\Components\stack\af\"
#        -I "E:\资源(G：)\#个人项目\ZigbeeProject\Z-Stack Mesh
#        1.0.0\Projects\zstack\Samples\Demo_App_V1.5饮水机控制\CC2530DB\..\..\..\..\..\Components\stack\nwk\"
#        -I "E:\资源(G：)\#个人项目\ZigbeeProject\Z-Stack Mesh
#        1.0.0\Projects\zstack\Samples\Demo_App_V1.5饮水机控制\CC2530DB\..\..\..\..\..\Components\stack\sapi\"
#        -I "E:\资源(G：)\#个人项目\ZigbeeProject\Z-Stack Mesh
#        1.0.0\Projects\zstack\Samples\Demo_App_V1.5饮水机控制\CC2530DB\..\..\..\..\..\Components\stack\sec\"
#        -I "E:\资源(G：)\#个人项目\ZigbeeProject\Z-Stack Mesh
#        1.0.0\Projects\zstack\Samples\Demo_App_V1.5饮水机控制\CC2530DB\..\..\..\..\..\Components\stack\sys\"
#        -I "E:\资源(G：)\#个人项目\ZigbeeProject\Z-Stack Mesh
#        1.0.0\Projects\zstack\Samples\Demo_App_V1.5饮水机控制\CC2530DB\..\..\..\..\..\Components\stack\zdo\"
#        -I "E:\资源(G：)\#个人项目\ZigbeeProject\Z-Stack Mesh
#        1.0.0\Projects\zstack\Samples\Demo_App_V1.5饮水机控制\CC2530DB\..\..\..\..\..\Components\zmac\"
#        -I "E:\资源(G：)\#个人项目\ZigbeeProject\Z-Stack Mesh
#        1.0.0\Projects\zstack\Samples\Demo_App_V1.5饮水机控制\CC2530DB\..\..\..\..\..\Components\zmac\f8w\"
#        -Ohz
#    List file          =  
#        E:\资源(G：)\#个人项目\ZigbeeProject\Z-Stack Mesh
#        1.0.0\Projects\zstack\Samples\Demo_App_V1.5饮水机控制\CC2530DB\WaterMachine\List\LOG.lst
#    Object file        =  
#        E:\资源(G：)\#个人项目\ZigbeeProject\Z-Stack Mesh
#        1.0.0\Projects\zstack\Samples\Demo_App_V1.5饮水机控制\CC2530DB\WaterMachine\Obj\LOG.r51
#
###############################################################################

E:\资源(G：)\#个人项目\ZigbeeProject\Z-Stack Mesh 1.0.0\Projects\zstack\Samples\Demo_App_V1.5饮水机控制\Frame\LOG.c
      1          #include "LOG.h"
      2          #include "stdio.h"
      3          
      4          //------------------------------LOG------------------------------

   \                                 In  segment XDATA_Z, align 1, keep-with-next
      5          Log_T Log = {0};
   \                     Log:
   \   000000                DS 4
   \   000004                REQUIRE __INIT_XDATA_Z
      6          

   \                                 In  segment BANKED_CODE, align 1, keep-with-next
      7          void _error(const char* message){ 
   \                     _error:
   \   000000                REQUIRE ?V0
   \   000000                REQUIRE ?V1
   \   000000   74F6         MOV     A,#-0xa
   \   000002   12....       LCALL   ?BANKED_ENTER_XDATA
   \   000005                ; Saved register size: 10
   \   000005                ; Auto size: 0
      8          	#ifdef LOG_OUT
      9          	printf("Log->ERROR:%s", message); 
   \   000005                ; Setup parameters for call to function printf
   \   000005   8A..         MOV     ?V0,R2
   \   000007   8B..         MOV     ?V1,R3
   \   000009   78..         MOV     R0,#?V0
   \   00000B   12....       LCALL   ?PUSH_XSTACK_I_TWO
   \   00000E   7A..         MOV     R2,#`?<Constant "Log->ERROR:%s">` & 0xff
   \   000010   7B..         MOV     R3,#(`?<Constant "Log->ERROR:%s">` >> 8) & 0xff
   \   000012                REQUIRE ?Subroutine0
   \   000012                ; // Fall through to label ?Subroutine0
     10          	#endif
     11          }

   \                                 In  segment BANKED_CODE, align 1, keep-with-next
   \                     ?Subroutine0:
   \   000000   12....       LCALL   `??printf::?relay`   ; Banked call to: printf
   \   000003   7402         MOV     A,#0x2
   \   000005   12....       LCALL   ?DEALLOC_XSTACK8
   \   000008   7F02         MOV     R7,#0x2
   \   00000A   02....       LJMP    ?BANKED_LEAVE_XDATA
     12          

   \                                 In  segment BANKED_CODE, align 1, keep-with-next
     13          void _warning(const char* message){ 
   \                     _warning:
   \   000000                REQUIRE ?V0
   \   000000                REQUIRE ?V1
   \   000000   74F6         MOV     A,#-0xa
   \   000002   12....       LCALL   ?BANKED_ENTER_XDATA
   \   000005                ; Saved register size: 10
   \   000005                ; Auto size: 0
     14          	#ifdef LOG_OUT
     15          	printf("Log->WARNING:%s", message); 
   \   000005                ; Setup parameters for call to function printf
   \   000005   8A..         MOV     ?V0,R2
   \   000007   8B..         MOV     ?V1,R3
   \   000009   78..         MOV     R0,#?V0
   \   00000B   12....       LCALL   ?PUSH_XSTACK_I_TWO
   \   00000E   7A..         MOV     R2,#`?<Constant "Log->WARNING:%s">` & 0xff
   \   000010   7B..         MOV     R3,#(`?<Constant "Log->WARNING:%s">` >> 8) & 0xff
   \   000012   80..         SJMP    ?Subroutine0
     16          	#endif
     17          }
     18          

   \                                 In  segment BANKED_CODE, align 1, keep-with-next
     19          void Log_Init(void){
   \                     Log_Init:
   \   000000   C082         PUSH    DPL
   \   000002   C083         PUSH    DPH
   \   000004                ; Saved register size: 2
   \   000004                ; Auto size: 0
     20          	Log.error = _error;
   \   000004   90....       MOV     DPTR,#Log + 2
   \   000007   74..         MOV     A,#`??_error::?relay` & 0xff
   \   000009   F0           MOVX    @DPTR,A
   \   00000A   A3           INC     DPTR
   \   00000B   74..         MOV     A,#(`??_error::?relay` >> 8) & 0xff
   \   00000D   F0           MOVX    @DPTR,A
     21          	Log.waring = _warning;
   \   00000E   90....       MOV     DPTR,#Log
   \   000011   74..         MOV     A,#`??_warning::?relay` & 0xff
   \   000013   F0           MOVX    @DPTR,A
   \   000014   A3           INC     DPTR
   \   000015   74..         MOV     A,#(`??_warning::?relay` >> 8) & 0xff
   \   000017   F0           MOVX    @DPTR,A
     22          }
   \   000018   D083         POP     DPH
   \   00001A   D082         POP     DPL
   \   00001C   02....       LJMP    ?BRET

   \                                 In  segment BANK_RELAYS, align 1
   \                     `??_error::?relay`:
   \   000000   12....       LCALL   ?BDISPATCH
   \   000003   ......       DC24    _error

   \                                 In  segment BANK_RELAYS, align 1
   \                     `??_warning::?relay`:
   \   000000   12....       LCALL   ?BDISPATCH
   \   000003   ......       DC24    _warning

   \                                 In  segment BANK_RELAYS, align 1
   \                     `??Log_Init::?relay`:
   \   000000   12....       LCALL   ?BDISPATCH
   \   000003   ......       DC24    Log_Init

   \                                 In  segment XDATA_ROM_C, align 1
   \                     `?<Constant "Log->ERROR:%s">`:
   \   000000   4C6F672D     DB "Log->ERROR:%s"
   \            3E455252
   \            4F523A25
   \            7300    

   \                                 In  segment XDATA_ROM_C, align 1
   \                     `?<Constant "Log->WARNING:%s">`:
   \   000000   4C6F672D     DB "Log->WARNING:%s"
   \            3E574152
   \            4E494E47
   \            3A257300
     23          

   Maximum stack usage in bytes:

   ISTACK XSTACK Function
   ------ ------ --------
      2      0   Log_Init
      0     12   _error
        0     12   -> printf
      0     12   _warning
        0     12   -> printf


   Segment part sizes:

   Bytes  Function/Label
   -----  --------------
      14  ?<Constant "Log->ERROR:%s">
      16  ?<Constant "Log->WARNING:%s">
      13  ?Subroutine0
       4  Log
      31  Log_Init
       6  Log_Init::?relay
      18  _error
       6  _error::?relay
      20  _warning
       6  _warning::?relay

 
 82 bytes in segment BANKED_CODE
 18 bytes in segment BANK_RELAYS
 30 bytes in segment XDATA_ROM_C
  4 bytes in segment XDATA_Z
 
 100 bytes of CODE  memory
  30 bytes of CONST memory
   4 bytes of XDATA memory

Errors: none
Warnings: none
