###############################################################################
#
# IAR C/C++ Compiler V9.30.1.3056 for 8051                24/Oct/2016  15:09:38
# Copyright 2004-2015 IAR Systems AB.
# Standalone license - IAR Embedded Workbench for 8051
#
#    Core               =  plain
#    Code model         =  banked
#    Data model         =  large
#    Calling convention =  xdata reentrant
#    Constant location  =  data_rom
#    Dptr setup         =  1,16
#                          
#    Source file        =  
#        E:\资源(G：)\#个人项目\ZigbeeProject\Z-Stack Mesh
#        1.0.0\Projects\zstack\Samples\Demo_App_V1.5饮水机控制\Module\WaterMachine\WaterMachineDriver.c
#    Command line       =  
#        -f "E:\资源(G：)\#个人项目\ZigbeeProject\Z-Stack Mesh
#        1.0.0\Projects\zstack\Samples\Demo_App_V1.5饮水机控制\CC2530DB\..\..\..\Tools\CC2530DB\f8wEndev.cfg"
#        (-DCPU32MHZ -DROOT=__near_func -DMAC_CFG_TX_DATA_MAX=3
#        -DMAC_CFG_TX_MAX=6 -DMAC_CFG_RX_MAX=3) -f
#        "E:\资源(G：)\#个人项目\ZigbeeProject\Z-Stack Mesh
#        1.0.0\Projects\zstack\Samples\Demo_App_V1.5饮水机控制\CC2530DB\..\..\..\Tools\CC2530DB\f8wConfig.cfg"
#        (-DZIGBEEPRO -DSECURE=1 -DZG_SECURE_DYNAMIC=0 -DREFLECTOR
#        -DDEFAULT_CHANLIST=0x00000800 -DZDAPP_CONFIG_PAN_ID=0xFFFF
#        -DNWK_START_DELAY=100 -DEXTENDED_JOINING_RANDOM_MASK=0x007F
#        -DBEACON_REQUEST_DELAY=100 -DBEACON_REQ_DELAY_MASK=0x00FF
#        -DLINK_STATUS_JITTER_MASK=0x007F -DROUTE_EXPIRY_TIME=30
#        -DAPSC_ACK_WAIT_DURATION_POLLED=3000 -DNWK_INDIRECT_MSG_TIMEOUT=7
#        -DMAX_RREQ_ENTRIES=8 -DAPSC_MAX_FRAME_RETRIES=3
#        -DNWK_MAX_DATA_RETRIES=2 -DMAX_POLL_FAILURE_RETRIES=2 -DMAX_BCAST=9
#        -DAPS_MAX_GROUPS=16 -DMAX_RTG_ENTRIES=40 -DNWK_MAX_BINDING_ENTRIES=4
#        -DMAX_BINDING_CLUSTER_IDS=4 "-DDEFAULT_KEY={0x01, 0x03, 0x05, 0x07,
#        0x09, 0x0B, 0x0D, 0x0F, 0x00, 0x02, 0x04, 0x06, 0x08, 0x0A, 0x0C,
#        0x0D}" -DMAC_MAX_FRAME_SIZE=116 -DZDNWKMGR_MIN_TRANSMISSIONS=20
#        "-DCONST=const __code" -DGENERIC=__generic -DRFD_RCVC_ALWAYS_ON=FALSE
#        -DPOLL_RATE=50 -DQUEUED_POLL_RATE=100 -DRESPONSE_POLL_RATE=100)
#        -DREJOIN_POLL_RATE=440 "E:\资源(G：)\#个人项目\ZigbeeProject\Z-Stack
#        Mesh
#        1.0.0\Projects\zstack\Samples\Demo_App_V1.5饮水机控制\Module\WaterMachine\WaterMachineDriver.c"
#        -D LOG_OUT -D UART1_PROTOCOL_RESOLVER=1 -D xISQC -D NWK_AUTO_POLL -D
#        ZTOOL_P1 -D ISR_KEYINTERRUPT -D xMT_TASK -D xMT_SYS_FUNC -D
#        xMT_ZDO_FUNC -D xLCD_SUPPORTED=DEBUG -D xPOWER_SAVING -lC
#        "E:\资源(G：)\#个人项目\ZigbeeProject\Z-Stack Mesh
#        1.0.0\Projects\zstack\Samples\Demo_App_V1.5饮水机控制\CC2530DB\WaterMachine\List"
#        -lA "E:\资源(G：)\#个人项目\ZigbeeProject\Z-Stack Mesh
#        1.0.0\Projects\zstack\Samples\Demo_App_V1.5饮水机控制\CC2530DB\WaterMachine\List"
#        --diag_suppress Pe001,Pa010 -o
#        "E:\资源(G：)\#个人项目\ZigbeeProject\Z-Stack Mesh
#        1.0.0\Projects\zstack\Samples\Demo_App_V1.5饮水机控制\CC2530DB\WaterMachine\Obj"
#        -e --no_code_motion --debug --core=plain --dptr=16,1
#        --data_model=large --code_model=banked
#        --calling_convention=xdata_reentrant --place_constants=data_rom
#        --nr_virtual_regs 8 -I "E:\资源(G：)\#个人项目\ZigbeeProject\Z-Stack
#        Mesh 1.0.0\Projects\zstack\Samples\Demo_App_V1.5饮水机控制\CC2530DB\"
#        -I "E:\资源(G：)\#个人项目\ZigbeeProject\Z-Stack Mesh
#        1.0.0\Projects\zstack\Samples\Demo_App_V1.5饮水机控制\CC2530DB\..\Source\"
#        -I "E:\资源(G：)\#个人项目\ZigbeeProject\Z-Stack Mesh
#        1.0.0\Projects\zstack\Samples\Demo_App_V1.5饮水机控制\CC2530DB\..\Frame\"
#        -I "E:\资源(G：)\#个人项目\ZigbeeProject\Z-Stack Mesh
#        1.0.0\Projects\zstack\Samples\Demo_App_V1.5饮水机控制\CC2530DB\..\Module\WaterMachine\"
#        -I "E:\资源(G：)\#个人项目\ZigbeeProject\Z-Stack Mesh
#        1.0.0\Projects\zstack\Samples\Demo_App_V1.5饮水机控制\CC2530DB\..\..\..\ZMain\TI2530DB\"
#        -I "E:\资源(G：)\#个人项目\ZigbeeProject\Z-Stack Mesh
#        1.0.0\Projects\zstack\Samples\Demo_App_V1.5饮水机控制\CC2530DB\..\..\..\..\..\Components\hal\include\"
#        -I "E:\资源(G：)\#个人项目\ZigbeeProject\Z-Stack Mesh
#        1.0.0\Projects\zstack\Samples\Demo_App_V1.5饮水机控制\CC2530DB\..\..\..\..\..\Components\hal\target\CC2530EB\"
#        -I "E:\资源(G：)\#个人项目\ZigbeeProject\Z-Stack Mesh
#        1.0.0\Projects\zstack\Samples\Demo_App_V1.5饮水机控制\CC2530DB\..\..\..\..\..\Components\mac\include\"
#        -I "E:\资源(G：)\#个人项目\ZigbeeProject\Z-Stack Mesh
#        1.0.0\Projects\zstack\Samples\Demo_App_V1.5饮水机控制\CC2530DB\..\..\..\..\..\Components\mac\high_level\"
#        -I "E:\资源(G：)\#个人项目\ZigbeeProject\Z-Stack Mesh
#        1.0.0\Projects\zstack\Samples\Demo_App_V1.5饮水机控制\CC2530DB\..\..\..\..\..\Components\mac\low_level\srf04\"
#        -I "E:\资源(G：)\#个人项目\ZigbeeProject\Z-Stack Mesh
#        1.0.0\Projects\zstack\Samples\Demo_App_V1.5饮水机控制\CC2530DB\..\..\..\..\..\Components\mac\low_level\srf04\single_chip\"
#        -I "E:\资源(G：)\#个人项目\ZigbeeProject\Z-Stack Mesh
#        1.0.0\Projects\zstack\Samples\Demo_App_V1.5饮水机控制\CC2530DB\..\..\..\..\..\Components\mt\"
#        -I "E:\资源(G：)\#个人项目\ZigbeeProject\Z-Stack Mesh
#        1.0.0\Projects\zstack\Samples\Demo_App_V1.5饮水机控制\CC2530DB\..\..\..\..\..\Components\osal\include\"
#        -I "E:\资源(G：)\#个人项目\ZigbeeProject\Z-Stack Mesh
#        1.0.0\Projects\zstack\Samples\Demo_App_V1.5饮水机控制\CC2530DB\..\..\..\..\..\Components\services\saddr\"
#        -I "E:\资源(G：)\#个人项目\ZigbeeProject\Z-Stack Mesh
#        1.0.0\Projects\zstack\Samples\Demo_App_V1.5饮水机控制\CC2530DB\..\..\..\..\..\Components\services\sdata\"
#        -I "E:\资源(G：)\#个人项目\ZigbeeProject\Z-Stack Mesh
#        1.0.0\Projects\zstack\Samples\Demo_App_V1.5饮水机控制\CC2530DB\..\..\..\..\..\Components\stack\af\"
#        -I "E:\资源(G：)\#个人项目\ZigbeeProject\Z-Stack Mesh
#        1.0.0\Projects\zstack\Samples\Demo_App_V1.5饮水机控制\CC2530DB\..\..\..\..\..\Components\stack\nwk\"
#        -I "E:\资源(G：)\#个人项目\ZigbeeProject\Z-Stack Mesh
#        1.0.0\Projects\zstack\Samples\Demo_App_V1.5饮水机控制\CC2530DB\..\..\..\..\..\Components\stack\sapi\"
#        -I "E:\资源(G：)\#个人项目\ZigbeeProject\Z-Stack Mesh
#        1.0.0\Projects\zstack\Samples\Demo_App_V1.5饮水机控制\CC2530DB\..\..\..\..\..\Components\stack\sec\"
#        -I "E:\资源(G：)\#个人项目\ZigbeeProject\Z-Stack Mesh
#        1.0.0\Projects\zstack\Samples\Demo_App_V1.5饮水机控制\CC2530DB\..\..\..\..\..\Components\stack\sys\"
#        -I "E:\资源(G：)\#个人项目\ZigbeeProject\Z-Stack Mesh
#        1.0.0\Projects\zstack\Samples\Demo_App_V1.5饮水机控制\CC2530DB\..\..\..\..\..\Components\stack\zdo\"
#        -I "E:\资源(G：)\#个人项目\ZigbeeProject\Z-Stack Mesh
#        1.0.0\Projects\zstack\Samples\Demo_App_V1.5饮水机控制\CC2530DB\..\..\..\..\..\Components\zmac\"
#        -I "E:\资源(G：)\#个人项目\ZigbeeProject\Z-Stack Mesh
#        1.0.0\Projects\zstack\Samples\Demo_App_V1.5饮水机控制\CC2530DB\..\..\..\..\..\Components\zmac\f8w\"
#        -Ohz
#    List file          =  
#        E:\资源(G：)\#个人项目\ZigbeeProject\Z-Stack Mesh
#        1.0.0\Projects\zstack\Samples\Demo_App_V1.5饮水机控制\CC2530DB\WaterMachine\List\WaterMachineDriver.lst
#    Object file        =  
#        E:\资源(G：)\#个人项目\ZigbeeProject\Z-Stack Mesh
#        1.0.0\Projects\zstack\Samples\Demo_App_V1.5饮水机控制\CC2530DB\WaterMachine\Obj\WaterMachineDriver.r51
#
###############################################################################

E:\资源(G：)\#个人项目\ZigbeeProject\Z-Stack Mesh 1.0.0\Projects\zstack\Samples\Demo_App_V1.5饮水机控制\Module\WaterMachine\WaterMachineDriver.c
      1          #include "WaterMachineDriver.h"

   \                                 In  segment SFR_AN, at 0x80
   \   union <unnamed> volatile __sfr _A_P0
   \                     _A_P0:
   \   000000                DS 1

   \                                 In  segment SFR_AN, at 0x90
   \   union <unnamed> volatile __sfr _A_P1
   \                     _A_P1:
   \   000000                DS 1

   \                                 In  segment SFR_AN, at 0xf3
   \   unsigned char volatile __sfr P0SEL
   \                     P0SEL:
   \   000000                DS 1

   \                                 In  segment SFR_AN, at 0xf4
   \   unsigned char volatile __sfr P1SEL
   \                     P1SEL:
   \   000000                DS 1

   \                                 In  segment SFR_AN, at 0xfd
   \   unsigned char volatile __sfr P0DIR
   \                     P0DIR:
   \   000000                DS 1

   \                                 In  segment SFR_AN, at 0xfe
   \   unsigned char volatile __sfr P1DIR
   \                     P1DIR:
   \   000000                DS 1
      2          
      3          

   \                                 In  segment XDATA_Z, align 1, keep-with-next
      4          WaterM_Info_T WaterM;
   \                     WaterM:
   \   000000                DS 3
   \   000003                REQUIRE __INIT_XDATA_Z
      5          /****************************************************
      6          	函数名:	WaterMachine_Init
      7          	功能:	饮水机IO相关初始化  
      8                  作者:	2016年10月18日20:44:34
      9          ****************************************************/

   \                                 In  segment BANKED_CODE, align 1, keep-with-next
     10          void WaterMachine_Init(void){ 
   \                     WaterMachine_Init:
   \   000000   C082         PUSH    DPL
   \   000002   C083         PUSH    DPH
   \   000004                ; Saved register size: 2
   \   000004                ; Auto size: 0
     11            WaterM.State = WATERM_FINISH;
   \   000004   90....       MOV     DPTR,#WaterM + 2
   \   000007   7410         MOV     A,#0x10
   \   000009   F0           MOVX    @DPTR,A
     12            WaterM.Short_Addr = 0;
   \   00000A   90....       MOV     DPTR,#WaterM
   \   00000D   E4           CLR     A
   \   00000E   F0           MOVX    @DPTR,A
   \   00000F   A3           INC     DPTR
   \   000010   F0           MOVX    @DPTR,A
     13            
     14            P0SEL &= ~BV(4);//继电器 工作灯
   \   000011   53F3EF       ANL     0xf3,#0xef
     15            P0SEL &= ~BV(6);//指示灯
   \   000014   53F3BF       ANL     0xf3,#0xbf
     16            P1SEL &= ~BV(0);//LED1 
   \   000017   53F4FE       ANL     0xf4,#0xfe
     17            P1SEL &= ~BV(1);//LED2
   \   00001A   53F4FD       ANL     0xf4,#0xfd
     18            P1SEL &= ~BV(4);//LED3
   \   00001D   53F4EF       ANL     0xf4,#0xef
     19            P1SEL &= ~BV(3);//温控输入
   \   000020   53F4F7       ANL     0xf4,#0xf7
     20             
     21            P0DIR |= BV(4);//继电器 工作灯
   \   000023   43FD10       ORL     0xfd,#0x10
     22            P0DIR |= BV(6);//指示灯
   \   000026   43FD40       ORL     0xfd,#0x40
     23            P1DIR |= BV(0); 
   \   000029   43FE01       ORL     0xfe,#0x1
     24            P1DIR |= BV(1);
   \   00002C   43FE02       ORL     0xfe,#0x2
     25            P1DIR |= BV(4); 
   \   00002F   43FE10       ORL     0xfe,#0x10
     26            P1DIR &= ~BV(3);//温控输入 
   \   000032   53FEF7       ANL     0xfe,#0xf7
     27            
     28            P1_0 = 1;
   \   000035   D290         SETB    0x90.0
     29            P1_1 = 1;
   \   000037   D291         SETB    0x90.1
     30            P1_4 = 1;
   \   000039   D294         SETB    0x90.4
     31            
     32            JDQ_ENABLE;
   \   00003B   D284         SETB    0x80.4
     33            PWRLED_ENABLE; 
   \   00003D   D286         SETB    0x80.6
     34            
     35          }
   \   00003F                REQUIRE ?Subroutine0
   \   00003F                REQUIRE P0SEL
   \   00003F                REQUIRE P1SEL
   \   00003F                REQUIRE P0DIR
   \   00003F                REQUIRE P1DIR
   \   00003F                REQUIRE _A_P1
   \   00003F                REQUIRE _A_P0
   \   00003F                ; // Fall through to label ?Subroutine0

   \                                 In  segment BANKED_CODE, align 1, keep-with-next
   \                     ?Subroutine0:
   \   000000   D083         POP     DPH
   \   000002   D082         POP     DPL
   \   000004   02....       LJMP    ?BRET
     36          
     37          /****************************************************
     38          	函数名:	WaterMachine_Init
     39          	功能:	饮水机IO相关初始化  
     40                  作者:	2016年10月18日20:44:34
     41          ****************************************************/

   \                                 In  segment BANKED_CODE, align 1, keep-with-next
     42          void State_Check(void){ 
   \                     State_Check:
   \   000000   C082         PUSH    DPL
   \   000002   C083         PUSH    DPH
   \   000004                ; Saved register size: 2
   \   000004                ; Auto size: 0
     43            if(WaterM.State != WATERM_AWAIT){//如果没有关闭电源智控
   \   000004   90....       MOV     DPTR,#WaterM + 2
   \   000007   E0           MOVX    A,@DPTR
   \   000008   6013         JZ      ??State_Check_0
     44              
     45              PWRLED_ENABLE;
   \   00000A   D286         SETB    0x80.6
     46              if(TEMPCTRL_READ == TEMPCTRL_ENABLE){//如果温控数据需要加热
   \   00000C   A293         MOV     C,0x90.3
   \   00000E   5006         JNC     ??State_Check_1
     47                  JDQ_ENABLE;//打开继电器所控电阻丝
   \   000010   D284         SETB    0x80.4
     48                  WaterM.State = WATERM_RUN;
   \   000012   7411         MOV     A,#0x11
   \   000014   8004         SJMP    ??State_Check_2
     49                  //printf("电阻丝加热工作\r\n");
     50              }else{
     51                  JDQ_DISABLE;//关闭继电器所控电阻丝
   \                     ??State_Check_1:
   \   000016   C284         CLR     0x80.4
     52                  WaterM.State = WATERM_FINISH;
   \   000018   7410         MOV     A,#0x10
   \                     ??State_Check_2:
   \   00001A   F0           MOVX    @DPTR,A
   \   00001B   8004         SJMP    ??State_Check_3
     53                  //printf("电阻丝加热停止\r\n");
     54              }
     55            }else{
     56              JDQ_DISABLE;
   \                     ??State_Check_0:
   \   00001D   C284         CLR     0x80.4
     57              PWRLED_DISABLE;
   \   00001F   C286         CLR     0x80.6
     58            }
     59          }
   \                     ??State_Check_3:
   \   000021   80..         SJMP    ?Subroutine0
   \   000023                REQUIRE _A_P0
   \   000023                REQUIRE _A_P1
     60          
     61          /****************************************************
     62          	函数名:	Cmd_P_Handle
     63          	功能:	接收主控指令 
     64                  作者:	2016年10月18日20:44:34
     65          ****************************************************/

   \                                 In  segment BANKED_CODE, align 1, keep-with-next
     66          extern void Cmd_P_Handle(PROTOCOL_INFO_T* pi){
   \                     Cmd_P_Handle:
   \   000000   74F7         MOV     A,#-0x9
   \   000002   12....       LCALL   ?BANKED_ENTER_XDATA
   \   000005                ; Saved register size: 9
   \   000005                ; Auto size: 0
   \   000005   EA           MOV     A,R2
   \   000006   FE           MOV     R6,A
   \   000007   EB           MOV     A,R3
   \   000008   FF           MOV     R7,A
     67            printf("收到控制命令\r\n");
   \   000009                ; Setup parameters for call to function printf
   \   000009   7A..         MOV     R2,#`?<Constant "\\312\\325\\265\\275\\277\\330\\326\\306\\3` & 0xff
   \   00000B   7B..         MOV     R3,#(`?<Constant "\\312\\325\\265\\275\\277\\330\\326\\306\\3` >> 8) & 0xff
   \   00000D   12....       LCALL   `??printf::?relay`   ; Banked call to: printf
     68            if(pi->protocol.Cmd_P.para1 == (uint8_t)WATERM_CLOSE){
   \   000010   8E82         MOV     DPL,R6
   \   000012   8F83         MOV     DPH,R7
   \   000014   A3           INC     DPTR
   \   000015   A3           INC     DPTR
   \   000016   A3           INC     DPTR
   \   000017   A3           INC     DPTR
   \   000018   A3           INC     DPTR
   \   000019   A3           INC     DPTR
   \   00001A   E0           MOVX    A,@DPTR
   \   00001B   700B         JNZ     ??Cmd_P_Handle_0
     69              WaterM.State = WATERM_AWAIT;
   \   00001D   90....       MOV     DPTR,#WaterM + 2
   \   000020   E4           CLR     A
   \   000021   F0           MOVX    @DPTR,A
     70              printf("智控关闭\r\n");
   \   000022                ; Setup parameters for call to function printf
   \   000022   7A..         MOV     R2,#`?<Constant "\\326\\307\\277\\330\\271\\330\\261\\325\\r` & 0xff
   \   000024   7B..         MOV     R3,#(`?<Constant "\\326\\307\\277\\330\\271\\330\\261\\325\\r` >> 8) & 0xff
   \   000026   800E         SJMP    ??Cmd_P_Handle_1
     71            }else if(pi->protocol.Cmd_P.para1 == (uint8_t)WATERM_OPEN){
   \                     ??Cmd_P_Handle_0:
   \   000028   6401         XRL     A,#0x1
   \   00002A   700D         JNZ     ??Cmd_P_Handle_2
     72              WaterM.State = WATERM_FINISH;
   \   00002C   90....       MOV     DPTR,#WaterM + 2
   \   00002F   7410         MOV     A,#0x10
   \   000031   F0           MOVX    @DPTR,A
     73              printf("智控开启\r\n");
   \   000032                ; Setup parameters for call to function printf
   \   000032   7A..         MOV     R2,#`?<Constant "\\326\\307\\277\\330\\277\\252\\306\\364\\r` & 0xff
   \   000034   7B..         MOV     R3,#(`?<Constant "\\326\\307\\277\\330\\277\\252\\306\\364\\r` >> 8) & 0xff
   \                     ??Cmd_P_Handle_1:
   \   000036   12....       LCALL   `??printf::?relay`   ; Banked call to: printf
     74            }
     75          }
   \                     ??Cmd_P_Handle_2:
   \   000039   7F01         MOV     R7,#0x1
   \   00003B   02....       LJMP    ?BANKED_LEAVE_XDATA

   \                                 In  segment BANK_RELAYS, align 1
   \                     `??WaterMachine_Init::?relay`:
   \   000000   12....       LCALL   ?BDISPATCH
   \   000003   ......       DC24    WaterMachine_Init

   \                                 In  segment BANK_RELAYS, align 1
   \                     `??State_Check::?relay`:
   \   000000   12....       LCALL   ?BDISPATCH
   \   000003   ......       DC24    State_Check

   \                                 In  segment BANK_RELAYS, align 1
   \                     `??Cmd_P_Handle::?relay`:
   \   000000   12....       LCALL   ?BDISPATCH
   \   000003   ......       DC24    Cmd_P_Handle

   \                                 In  segment XDATA_ROM_C, align 1
   \                     `?<Constant "\\312\\325\\265\\275\\277\\330\\326\\306\\3`:
   \   000000   CAD5B5BD     DB "\312\325\265\275\277\330\326\306\303\374\301\356\015\012"
   \            BFD8D6C6
   \            C3FCC1EE
   \            0D0A00  

   \                                 In  segment XDATA_ROM_C, align 1
   \                     `?<Constant "\\326\\307\\277\\330\\271\\330\\261\\325\\r`:
   \   000000   D6C7BFD8     DB "\326\307\277\330\271\330\261\325\015\012"
   \            B9D8B1D5
   \            0D0A00  

   \                                 In  segment XDATA_ROM_C, align 1
   \                     `?<Constant "\\326\\307\\277\\330\\277\\252\\306\\364\\r`:
   \   000000   D6C7BFD8     DB "\326\307\277\330\277\252\306\364\015\012"
   \            BFAAC6F4
   \            0D0A00  

   Maximum stack usage in bytes:

   ISTACK XSTACK Function
   ------ ------ --------
      0      9   Cmd_P_Handle
        0      9   -> printf
      2      0   State_Check
      2      0   WaterMachine_Init


   Segment part sizes:

   Bytes  Function/Label
   -----  --------------
      15  ?<Constant "\312\325\265\275\277\330\326\306\3
      11  ?<Constant "\326\307\277\330\271\330\261\325\r
      11  ?<Constant "\326\307\277\330\277\252\306\364\r
       7  ?Subroutine0
      62  Cmd_P_Handle
       6  Cmd_P_Handle::?relay
       1  P0DIR
       1  P0SEL
       1  P1DIR
       1  P1SEL
      35  State_Check
       6  State_Check::?relay
       3  WaterM
      63  WaterMachine_Init
       6  WaterMachine_Init::?relay
       1  _A_P0
       1  _A_P1

 
 167 bytes in segment BANKED_CODE
  18 bytes in segment BANK_RELAYS
   6 bytes in segment SFR_AN
  37 bytes in segment XDATA_ROM_C
   3 bytes in segment XDATA_Z
 
 185 bytes of CODE  memory
  37 bytes of CONST memory
   0 bytes of DATA  memory (+ 6 bytes shared)
   3 bytes of XDATA memory

Errors: none
Warnings: none
